<?xml version="1.0" encoding="utf-8"?><testsuites name="pytest tests"><testsuite name="pytest" errors="0" failures="0" skipped="0" tests="115" time="103.072" timestamp="2026-05-06T14:22:08.002839+05:45" hostname="kuma"><testcase classname="tests.test_booking_manager" name="test_staff_booking_home_cinema" time="0.004" /><testcase classname="tests.test_booking_manager" name="test_staff_booking_other_cinema" time="0.002" /><testcase classname="tests.test_booking_manager" name="test_admin_booking_other_cinema" time="0.006" /><testcase classname="tests.test_booking_manager" name="test_validate_booking_date_past" time="0.002" /><testcase classname="tests.test_booking_manager" name="test_validate_booking_date_valid" time="0.002" /><testcase classname="tests.test_booking_manager" name="test_validate_booking_date_future" time="0.002" /><testcase classname="tests.test_booking_manager" name="test_duplicate_booking" time="0.002" /><testcase classname="tests.test_boundary_negative" name="test_booking_exactly_7_days_ahead" time="2.188" /><testcase classname="tests.test_boundary_negative" name="test_booking_8_days_ahead" time="2.193" /><testcase classname="tests.test_boundary_negative" name="test_booking_yesterday_date" time="2.148" /><testcase classname="tests.test_boundary_negative" name="test_same_day_cancellation" time="2.128" /><testcase classname="tests.test_boundary_negative" name="test_cancellation_1_day_before" time="2.173" /><testcase classname="tests.test_boundary_negative" name="test_book_zero_tickets" time="2.168" /><testcase classname="tests.test_boundary_negative" name="test_book_negative_tickets" time="2.160" /><testcase classname="tests.test_boundary_negative" name="test_book_more_tickets_than_available" time="2.148" /><testcase classname="tests.test_boundary_negative" name="test_book_exactly_remaining_seats" time="2.167" /><testcase classname="tests.test_boundary_negative" name="test_invalid_card_number_15_digits" time="0.001" /><testcase classname="tests.test_boundary_negative" name="test_invalid_card_number_non_numeric" time="0.001" /><testcase classname="tests.test_boundary_negative" name="test_valid_card_number_16_digits" time="0.000" /><testcase classname="tests.test_boundary_negative" name="test_empty_customer_name" time="0.000" /><testcase classname="tests.test_boundary_negative" name="test_invalid_email_format" time="0.000" /><testcase classname="tests.test_boundary_negative" name="test_show_time_overlap_same_screen" time="2.125" /><testcase classname="tests.test_boundary_negative" name="test_vip_price_formula" time="2.193" /><testcase classname="tests.test_boundary_negative" name="test_price_outside_defined_city" time="2.105" /><testcase classname="tests.test_bulk_seat_selector.TestBulkSelectSeats" name="test_selects_contiguous_block_first" time="0.004" /><testcase classname="tests.test_bulk_seat_selector.TestBulkSelectSeats" name="test_splits_across_rows_when_needed" time="0.003" /><testcase classname="tests.test_bulk_seat_selector.TestBulkSelectSeats" name="test_returns_none_when_insufficient_seats" time="0.002" /><testcase classname="tests.test_bulk_seat_selector.TestBulkSelectSeats" name="test_vip_zone_prefix" time="0.004" /><testcase classname="tests.test_bulk_seat_selector.TestBulkSelectSeats" name="test_all_seats_booked_returns_none" time="0.004" /><testcase classname="tests.test_film_recommender" name="test_recommend_films_scoring" time="0.002" /><testcase classname="tests.test_film_recommender" name="test_recommend_films_age_penalty" time="0.004" /><testcase classname="tests.test_integration" name="test_full_booking_flow" time="2.571" /><testcase classname="tests.test_integration" name="test_full_cancellation_flow" time="2.167" /><testcase classname="tests.test_integration" name="test_admin_add_film_listing" time="2.425" /><testcase classname="tests.test_integration" name="test_admin_update_show_time" time="2.172" /><testcase classname="tests.test_integration" name="test_admin_remove_listing" time="2.167" /><testcase classname="tests.test_integration" name="test_manager_add_new_cinema" time="2.452" /><testcase classname="tests.test_integration" name="test_manager_add_new_city_cinema" time="2.219" /><testcase classname="tests.test_integration" name="test_monthly_revenue_report" time="2.165" /><testcase classname="tests.test_integration" name="test_staff_leaderboard_ordering" time="2.163" /><testcase classname="tests.test_integration" name="test_waitlist_trigger_on_cancellation" time="2.155" /><testcase classname="tests.test_loyalty_manager.TestPointsCalculation" name="test_floor_applied" time="0.001" /><testcase classname="tests.test_loyalty_manager.TestPointsCalculation" name="test_exact_amount" time="0.000" /><testcase classname="tests.test_loyalty_manager.TestPointsCalculation" name="test_zero_cost" time="0.000" /><testcase classname="tests.test_loyalty_manager.TestPointsCalculation" name="test_large_booking" time="0.001" /><testcase classname="tests.test_loyalty_manager.TestPointsCalculation" name="test_less_than_one_pound" time="0.000" /><testcase classname="tests.test_loyalty_manager.TestTierAssignment" name="test_bronze_at_zero" time="0.001" /><testcase classname="tests.test_loyalty_manager.TestTierAssignment" name="test_bronze_at_199" time="0.001" /><testcase classname="tests.test_loyalty_manager.TestTierAssignment" name="test_silver_at_200" time="0.000" /><testcase classname="tests.test_loyalty_manager.TestTierAssignment" name="test_silver_at_499" time="0.000" /><testcase classname="tests.test_loyalty_manager.TestTierAssignment" name="test_gold_at_500" time="0.001" /><testcase classname="tests.test_loyalty_manager.TestTierAssignment" name="test_gold_above_500" time="0.001" /><testcase classname="tests.test_models" name="test_cinema_creation_valid" time="2.066" /><testcase classname="tests.test_models" name="test_cinema_city_validation" time="2.103" /><testcase classname="tests.test_models" name="test_add_screen_to_cinema" time="2.086" /><testcase classname="tests.test_models" name="test_screen_capacity_range" time="2.061" /><testcase classname="tests.test_models" name="test_lower_hall_seat_count" time="2.084" /><testcase classname="tests.test_models" name="test_film_creation" time="2.061" /><testcase classname="tests.test_models" name="test_film_age_rating_valid_values" time="2.072" /><testcase classname="tests.test_models" name="test_showing_creation" time="2.085" /><testcase classname="tests.test_models" name="test_no_overlapping_shows_same_screen" time="2.085" /><testcase classname="tests.test_models" name="test_advance_booking_limit" time="2.033" /><testcase classname="tests.test_models" name="test_unique_booking_reference" time="2.088" /><testcase classname="tests.test_models" name="test_booking_total_cost_lower_hall" time="2.132" /><testcase classname="tests.test_models" name="test_booking_total_cost_vip" time="2.112" /><testcase classname="tests.test_models" name="test_booking_receipt_fields" time="2.453" /><testcase classname="tests.test_models" name="test_user_role_validation" time="0.001" /><testcase classname="tests.test_models" name="test_password_hashing" time="0.632" /><testcase classname="tests.test_models" name="test_user_registration_create_user" time="3.041" /><testcase classname="tests.test_models" name="test_create_user_duplicate_username" time="2.698" /><testcase classname="tests.test_models" name="test_get_users_by_role" time="2.745" /><testcase classname="tests.test_models" name="test_delete_user" time="2.427" /><testcase classname="tests.test_models" name="test_price_birmingham_morning" time="2.130" /><testcase classname="tests.test_models" name="test_price_london_evening_vip" time="2.119" /><testcase classname="tests.test_models" name="test_upper_gallery_20_percent_higher" time="2.123" /><testcase classname="tests.test_models" name="test_pricing_breakdown" time="2.128" /><testcase classname="tests.test_noshow_predictor" name="test_feature_extraction_logic" time="0.003" /><testcase classname="tests.test_noshow_predictor" name="test_predict_returns_float" time="0.003" /><testcase classname="tests.test_pricing_engine" name="test_get_lower_hall_price[1-morning-5.0]" time="0.004" /><testcase classname="tests.test_pricing_engine" name="test_get_lower_hall_price[1-afternoon-6.0]" time="0.004" /><testcase classname="tests.test_pricing_engine" name="test_get_lower_hall_price[1-evening-7.0]" time="0.001" /><testcase classname="tests.test_pricing_engine" name="test_get_lower_hall_price[2-morning-6.0]" time="0.001" /><testcase classname="tests.test_pricing_engine" name="test_get_lower_hall_price[2-afternoon-7.0]" time="0.002" /><testcase classname="tests.test_pricing_engine" name="test_get_lower_hall_price[2-evening-8.0]" time="0.001" /><testcase classname="tests.test_pricing_engine" name="test_get_lower_hall_price[4-morning-10.0]" time="0.001" /><testcase classname="tests.test_pricing_engine" name="test_get_lower_hall_price[4-afternoon-11.0]" time="0.001" /><testcase classname="tests.test_pricing_engine" name="test_get_lower_hall_price[4-evening-12.0]" time="0.002" /><testcase classname="tests.test_pricing_engine" name="test_get_lower_hall_price_invalid_city" time="0.002" /><testcase classname="tests.test_pricing_engine" name="test_calculate_price_lower_hall" time="0.002" /><testcase classname="tests.test_pricing_engine" name="test_calculate_price_upper_gallery_uplift" time="0.002" /><testcase classname="tests.test_pricing_engine" name="test_calculate_price_vip_uplift" time="0.002" /><testcase classname="tests.test_pricing_engine" name="test_price_breakdown" time="0.001" /><testcase classname="tests.test_pricing_engine" name="test_validate_show_type[08:00-morning]" time="0.000" /><testcase classname="tests.test_pricing_engine" name="test_validate_show_type[11:59-morning]" time="0.000" /><testcase classname="tests.test_pricing_engine" name="test_validate_show_type[12:00-afternoon]" time="0.000" /><testcase classname="tests.test_pricing_engine" name="test_validate_show_type[16:59-afternoon]" time="0.000" /><testcase classname="tests.test_pricing_engine" name="test_validate_show_type[17:00-evening]" time="0.001" /><testcase classname="tests.test_pricing_engine" name="test_validate_show_type[23:59-evening]" time="0.002" /><testcase classname="tests.test_pricing_engine" name="test_validate_show_type[time_val6-morning]" time="0.001" /><testcase classname="tests.test_pricing_engine" name="test_validate_show_type[time_val7-afternoon]" time="0.001" /><testcase classname="tests.test_pricing_engine" name="test_validate_show_type[time_val8-evening]" time="0.000" /><testcase classname="tests.test_pricing_engine" name="test_validate_show_type_invalid_string" time="0.001" /><testcase classname="tests.test_rbac" name="test_staff_cannot_access_admin_or_manager" time="0.090" /><testcase classname="tests.test_rbac" name="test_admin_cannot_access_manager" time="0.003" /><testcase classname="tests.test_rbac" name="test_manager_can_access_all" time="0.001" /><testcase classname="tests.test_rbac" name="test_no_session_blocked_everywhere" time="0.028" /><testcase classname="tests.test_rbac" name="test_booking_staff_role_alias" time="0.013" /><testcase classname="tests.test_revenue_forecaster" name="test_forecast_revenue_returns_predictions" time="2.257" /><testcase classname="tests.test_seat_recommender" name="test_recommend_single_seat_finds_center" time="0.001" /><testcase classname="tests.test_seat_recommender" name="test_recommend_group_of_4_keeps_together" time="0.020" /><testcase classname="tests.test_seat_recommender" name="test_recommend_nearly_full_screen" time="0.002" /><testcase classname="tests.test_security" name="test_access_denied_after_logout" time="0.091" /><testcase classname="tests.test_waitlist_manager.TestProcessWaitlist" name="test_process_waitlist_offers_first_eligible_entry" time="0.002" /><testcase classname="tests.test_waitlist_manager.TestProcessWaitlist" name="test_process_waitlist_skips_entry_too_large" time="0.001" /><testcase classname="tests.test_waitlist_manager.TestExpiredOffers" name="test_expiry_sql_filters_by_30_minutes" time="0.002" /></testsuite></testsuites>